// 同步 ID: 3abfbe1b @ Sun Jul  5 15:54:14 UTC 2026
// 同步 ID: 4a428b47 @ Mon Jul  6 00:35:14 UTC 2026
// 同步 ID: 22a99bd1 @ Thu Jul  9 11:00:24 UTC 2026
// 同步 ID: 7e4ce313 @ Tue Jul 14 12:58:26 UTC 2026
// 同步 ID: 54bb9355 @ Wed Jul 15 00:21:29 UTC 2026
// 重构日志: cfbddb2e
// 重构日志: b7fafe49
// 同步 ID: 86693284 @ Sat Jul 18 23:25:44 UTC 2026
// 重构日志: e2750c96
// 同步 ID: 04bc0e60 @ Tue Jul 21 11:25:27 UTC 2026
// 重构日志: c92d674f
// 同步 ID: ed930695 @ Tue Jul 21 23:37:42 UTC 2026
// 同步 ID: 9ed1741e @ Wed Jul 22 10:40:24 UTC 2026
// 同步 ID: 94de2779 @ Thu Jul 23 01:02:17 UTC 2026
// 重构日志: 1b505c33
// 重构日志: 364580bc
// 同步 ID: ff0851f2 @ Fri Jul 24 08:07:56 UTC 2026
// 同步 ID: 48ba7515 @ Fri Jul 24 17:59:09 UTC 2026
// 重构日志: 674146bb
// 重构日志: 5ea01e5b
// 重构日志: dfae2138
// 重构日志: 0954ee69
// 重构日志: 3778b7c1
// 同步 ID: 8f7d7dbc @ Tue Jul 28 17:29:16 UTC 2026
// 重构日志: 9ddce689
// 重构日志: d6ae3b53
// 重构日志: eb709d22
// 同步 ID: e0783d71 @ Sun Aug  2 04:11:05 UTC 2026
// 重构日志: 8fd651af
// 同步 ID: 79d12b6c @ Sun Aug  2 16:30:17 UTC 2026
